// Jest Snapshot v1, https://goo.gl/fbAQLP

exports[`DetailedCard Component renders correctly 1`] = `
<div>
  <section
    class="detailed_Card"
  >
    <div
      class="card"
    >
      <div
        class="image_container"
      >
        <div
          class="loader"
        />
        <img
          alt="Character"
          class="hidden"
          data-nimg="1"
          decoding="async"
          height="300"
          loading="lazy"
          src="/_next/image?url=https%3A%2F%2Frickandmortyapi.com%2Fapi%2Fcharacter%2Favatar%2F1.jpeg&w=640&q=75"
          srcset="/_next/image?url=https%3A%2F%2Frickandmortyapi.com%2Fapi%2Fcharacter%2Favatar%2F1.jpeg&w=384&q=75 1x, /_next/image?url=https%3A%2F%2Frickandmortyapi.com%2Fapi%2Fcharacter%2Favatar%2F1.jpeg&w=640&q=75 2x"
          style="color: transparent;"
          width="300"
        />
      </div>
      <div
        class="text_container"
      >
        <h2
          class="card_title"
        >
          Rick
        </h2>
        <ul
          class="desc"
        >
          <li
            class="desc_item"
          >
            Species: 
          </li>
          <li
            class="desc_item"
          >
            Gender: Male
          </li>
          <li
            class="desc_item"
          >
            Status: Alive
          </li>
          <li
            class="desc_item"
          >
            Origin: 
          </li>
          <li
            class="desc_item"
          >
            Location: 
          </li>
        </ul>
        <p
          class="episodes"
        >
          Episodes: 
        </p>
        <button
          aria-label="Add to favorites"
          class="favorite"
          name="favorite"
          type="button"
          value="false"
        >
          ☆
        </button>
      </div>
    </div>
    <button
      aria-label="Button"
      class="button close"
      id=""
      type="button"
    >
      Close
    </button>
  </section>
</div>
`;
