// Jest Snapshot v1, https://goo.gl/fbAQLP

exports[`ErrorPage Component renders correctly 1`] = `
<div>
  <main
    class="main"
  >
    <div
      class="error"
    >
      <p
        class="name"
      >
        ERROR
      </p>
      <img
        alt="Rick and Morty error"
        class="error_img"
        height="500"
        src="stub-test"
        width="500"
      />
      <p
        class="desc"
      />
      <p
        class="desc"
      >
        Please refresh the page
      </p>
    </div>
  </main>
</div>
`;
