// Jest Snapshot v1, https://goo.gl/fbAQLP

exports[`Global error page renders correctly 1`] = `
<div>
  <html
    lang="en"
  >
    <body
      class="body"
    >
      <main
        class="main"
      >
        <div
          class="error"
        >
          <p
            class="name"
          >
            ERROR
          </p>
          <img
            alt="Rick and Morty error"
            class="error_img"
            data-nimg="1"
            decoding="async"
            height="500"
            loading="lazy"
            src="/_next/image?url=%2Fimg.jpg&w=1080&q=75"
            srcset="/_next/image?url=%2Fimg.jpg&w=640&q=75 1x, /_next/image?url=%2Fimg.jpg&w=1080&q=75 2x"
            style="color: transparent;"
            width="500"
          />
          <p
            class="desc"
          >
            Some error
          </p>
          <p
            class="desc"
          >
            Please refresh the page
          </p>
        </div>
      </main>
    </body>
  </html>
</div>
`;
