// Jest Snapshot v1, https://goo.gl/fbAQLP

exports[`NoMatch or 404 page renders correctly 1`] = `
<div>
  <main
    class="main"
  >
    <img
      alt="404 error"
      class="error_img"
      data-nimg="1"
      decoding="async"
      height="490"
      loading="lazy"
      src="/_next/image?url=%2Fimg.jpg&w=1080&q=75"
      srcset="/_next/image?url=%2Fimg.jpg&w=640&q=75 1x, /_next/image?url=%2Fimg.jpg&w=1080&q=75 2x"
      style="color: transparent;"
      width="490"
    />
    <div
      class="buttons"
    >
      <button
        aria-label="Button"
        class="button home"
        id=""
        type="button"
      >
        Home page
      </button>
    </div>
  </main>
</div>
`;
