// Jest Snapshot v1, https://goo.gl/fbAQLP

exports[`Pagination Component renders correctly 1`] = `
<div>
  <div
    class="pagination"
  >
    <div
      class="pagination_box_before"
    >
      <div
        class="pages"
      >
        <span>
          1
        </span>
        -
        <span>
          2
        </span>
      </div>
      <button
        aria-label="Right"
        class="pag_right"
        data-testid="right"
        type="button"
      />
    </div>
  </div>
</div>
`;
