// Jest Snapshot v1, https://goo.gl/fbAQLP

exports[`router-config renders correctly 1`] = `
<div>
  <header
    class="header"
  >
    <div
      class="container"
    />
  </header>
  <main
    class="main"
    role="presentation"
  >
    <section>
      <form
        class="search_form"
      >
        <input
          class="search"
          id="search"
          placeholder="Search..."
          type="text"
          value=""
        />
        <button
          aria-label="Search-button"
          class="search_button"
          type="submit"
        />
      </form>
    </section>
    <section
      class="results"
    >
      <div
        class="results_box"
      >
        <div
          class="not_found_box"
        >
          <div
            class="not_found"
          >
            <div
              class="image_container"
            >
              <div
                class="loader"
              />
              <img
                alt="Rick and Morty not found"
                class="character_img"
                src="stub-test"
                style="display: none;"
              />
            </div>
            <div
              class="text_container"
            >
              Characters not found
            </div>
          </div>
        </div>
      </div>
    </section>
  </main>
  <footer
    class="footer"
  >
    <div
      class="container"
    />
  </footer>
</div>
`;
