// Jest Snapshot v1, https://goo.gl/fbAQLP

exports[`Main page with details renders correctly 1`] = `
<div>
  <main
    class="main"
    role="presentation"
  >
    <section>
      <form
        class="search_form"
      >
        <input
          class="search"
          id="search"
          placeholder="Search..."
          type="text"
          value="Rick"
        />
        <button
          aria-label="Search-button"
          class="search_button"
          type="submit"
        />
      </form>
    </section>
    <section
      class="results"
    >
      <div
        class="character"
      >
        <div
          class="results"
        >
          <ul
            class="characters"
            role="presentation"
          >
            <li
              class="characters_item"
            >
              <div
                class="card"
              >
                <div
                  class="image_container"
                >
                  <div
                    class="loader"
                  />
                  <img
                    alt="Character"
                    class="hidden"
                    data-nimg="1"
                    decoding="async"
                    height="300"
                    loading="lazy"
                    src="/_next/image?url=https%3A%2F%2Frickandmortyapi.com%2Fapi%2Fcharacter%2Favatar%2F1.jpeg&w=640&q=75"
                    srcset="/_next/image?url=https%3A%2F%2Frickandmortyapi.com%2Fapi%2Fcharacter%2Favatar%2F1.jpeg&w=384&q=75 1x, /_next/image?url=https%3A%2F%2Frickandmortyapi.com%2Fapi%2Fcharacter%2Favatar%2F1.jpeg&w=640&q=75 2x"
                    style="color: transparent;"
                    width="300"
                  />
                </div>
                <div
                  class="text_container"
                >
                  <a
                    class="card_link"
                    href="/character/1?page=1&search=Rick"
                  >
                    <h2
                      class="card_title"
                    >
                      Rick
                    </h2>
                  </a>
                  <button
                    aria-label="Add to favorites"
                    class="favorite"
                    name="favorite"
                    type="button"
                    value="false"
                  >
                    ☆
                  </button>
                </div>
              </div>
            </li>
            <li
              class="characters_item"
            >
              <div
                class="card"
              >
                <div
                  class="image_container"
                >
                  <div
                    class="loader"
                  />
                  <img
                    alt="Character"
                    class="hidden"
                    data-nimg="1"
                    decoding="async"
                    height="300"
                    loading="lazy"
                    src="/_next/image?url=https%3A%2F%2Frickandmortyapi.com%2Fapi%2Fcharacter%2Favatar%2F2.jpeg&w=640&q=75"
                    srcset="/_next/image?url=https%3A%2F%2Frickandmortyapi.com%2Fapi%2Fcharacter%2Favatar%2F2.jpeg&w=384&q=75 1x, /_next/image?url=https%3A%2F%2Frickandmortyapi.com%2Fapi%2Fcharacter%2Favatar%2F2.jpeg&w=640&q=75 2x"
                    style="color: transparent;"
                    width="300"
                  />
                </div>
                <div
                  class="text_container"
                >
                  <a
                    class="card_link"
                    href="/character/2?page=1&search=Rick"
                  >
                    <h2
                      class="card_title"
                    >
                      Morty
                    </h2>
                  </a>
                  <button
                    aria-label="Add to favorites"
                    class="favorite"
                    name="favorite"
                    type="button"
                    value="false"
                  >
                    ☆
                  </button>
                </div>
              </div>
            </li>
          </ul>
          <div
            class="pagination"
          >
            <div
              class="pagination_box"
            >
              <div
                class="pages"
              >
                <span>
                  1
                </span>
                -
                <span>
                  1
                </span>
              </div>
            </div>
          </div>
        </div>
        <section
          class="detailed_Card"
        >
          <div
            class="card"
          >
            <div
              class="image_container"
            >
              <div
                class="loader"
              />
              <img
                alt="Character"
                class="hidden"
                data-nimg="1"
                decoding="async"
                height="300"
                loading="lazy"
                src="/_next/image?url=https%3A%2F%2Frickandmortyapi.com%2Fapi%2Fcharacter%2Favatar%2F1.jpeg&w=640&q=75"
                srcset="/_next/image?url=https%3A%2F%2Frickandmortyapi.com%2Fapi%2Fcharacter%2Favatar%2F1.jpeg&w=384&q=75 1x, /_next/image?url=https%3A%2F%2Frickandmortyapi.com%2Fapi%2Fcharacter%2Favatar%2F1.jpeg&w=640&q=75 2x"
                style="color: transparent;"
                width="300"
              />
            </div>
            <div
              class="text_container"
            >
              <h2
                class="card_title"
              >
                Rick
              </h2>
              <ul
                class="desc"
              >
                <li
                  class="desc_item"
                >
                  Species: 
                </li>
                <li
                  class="desc_item"
                >
                  Gender: Male
                </li>
                <li
                  class="desc_item"
                >
                  Status: Alive
                </li>
                <li
                  class="desc_item"
                >
                  Origin: 
                </li>
                <li
                  class="desc_item"
                >
                  Location: 
                </li>
              </ul>
              <p
                class="episodes"
              >
                Episodes: 
              </p>
              <button
                aria-label="Add to favorites"
                class="favorite"
                name="favorite"
                type="button"
                value="false"
              >
                ☆
              </button>
            </div>
          </div>
          <button
            aria-label="Button"
            class="button close"
            id=""
            type="button"
          >
            Close
          </button>
        </section>
      </div>
    </section>
  </main>
</div>
`;
