// Vitest Snapshot v1, https://vitest.dev/guide/snapshot.html

exports[`NoMatch or 404 page > renders correctly 1`] = `
<div>
  <main
    class="main"
  >
    <img
      alt="404 error"
      class="_error_img_788af9"
      height="490"
      src="/src/assets/images/404.png"
      width="490"
    />
    <div
      class="_buttons_788af9"
    >
      <button
        aria-label="Button"
        class="_button_de8d5c _home_788af9"
        id=""
        type="button"
      >
        Home page
      </button>
    </div>
  </main>
</div>
`;
