// Vitest Snapshot v1, https://vitest.dev/guide/snapshot.html

exports[`Pagination Component > renders correctly 1`] = `
<div>
  <div
    class="_pagination_34bd36"
  >
    <div
      class="_pagination_box_before_34bd36"
    >
      <div
        class="_pages_34bd36"
      >
        <span>
          1
        </span>
        -
        <span>
          2
        </span>
      </div>
      <button
        aria-label="Right"
        class="_pag_right_34bd36"
        type="button"
      />
    </div>
  </div>
</div>
`;
